// Jest Snapshot v1, https://goo.gl/fbAQLP

exports[`draw renders the game screen correctly 1`] = `<canvas />`;
